// Jest Snapshot v1, https://goo.gl/fbAQLP

exports[`Registration page should match snapshot 1`] = `
<div>
  <div
    class="App"
  >
    <nav
      class="headerBar navbar navbar-expand-md navbar-light bg-light"
    >
      <div
        class="container"
      >
        <span
          class="navbar-brand"
          role="presentation"
        >
          Team20
        </span>
        <button
          aria-label="Toggle navigation"
          class="navbar-toggler collapsed"
          type="button"
        >
          <span
            class="navbar-toggler-icon"
          />
        </button>
        <div
          class="navbar-collapse collapse"
        >
          <div
            class="me-auto navbar-nav"
          />
          <div
            class="hstack gap-2"
          >
            <span
              class="navbar-text"
            />
          </div>
        </div>
      </div>
    </nav>
    <div
      class="h-100 container"
    >
      <div
        class="h-100 row"
      >
        <div
          class="my-auto col"
        >
          <div
            class="mx-auto card"
            style="width: 30rem;"
          >
            <div
              class="card-header"
            >
              <h2>
                Reset Password
              </h2>
            </div>
            <div
              class="card-body"
            >
              <form
                class="container"
                id="formLogin"
                style="width: 25rem;"
              >
                <div
                  class="row"
                >
                  <div
                    class="col"
                  >
                    <div
                      class="mb-3 text-start"
                    >
                      <label
                        class="ms-0 form-label"
                        for="inputResetUsername"
                      >
                        Username
                      </label>
                      <input
                        autocomplete="username"
                        class="form-control"
                        id="inputResetUsername"
                        placeholder="Enter username here"
                        required=""
                        type="text"
                      />
                    </div>
                  </div>
                </div>
                <div
                  class="row"
                >
                  <div
                    class="col"
                  >
                    <div
                      class="mb-3 text-start"
                    >
                      <label
                        class="form-label"
                        for="inputResetEmail"
                      >
                        Email
                      </label>
                      <input
                        autocomplete="email"
                        class="form-control"
                        id="inputResetEmail"
                        placeholder="Enter email here"
                        required=""
                        type="email"
                      />
                    </div>
                  </div>
                </div>
                <div
                  class="row"
                >
                  <div
                    class="col"
                  >
                    <div
                      class="mb-3 text-start"
                    >
                      <label
                        class="form-label"
                        for="inputResetPassword"
                      >
                        New Password
                      </label>
                      <input
                        autocomplete="new-password"
                        class="form-control"
                        id="inputResetPassword"
                        pattern="^(?=.*[A-Za-z])(?=.*\\\\d)[A-Za-z\\\\d]{8,}$"
                        placeholder="Enter password here"
                        required=""
                        title="A password should contain >=8 characters and include both letters and numbers"
                        type="password"
                      />
                    </div>
                  </div>
                </div>
                <div
                  class="row"
                  style="margin-top: 1rem;"
                >
                  <div
                    class="col"
                  >
                    <button
                      class="btn btn-primary"
                      form="formLogin"
                      type="submit"
                    >
                      Reset
                    </button>
                  </div>
                </div>
              </form>
            </div>
            <div
              class="container card-footer"
            >
              <div
                class="text-center row"
              >
                <div
                  class="col"
                >
                  <a
                    class="card-link"
                    href="/login"
                  >
                    Already have an account?
                  </a>
                </div>
                <div
                  class="col"
                >
                  <a
                    class="card-link"
                    href="/"
                  >
                    Back to Home Page
                  </a>
                </div>
              </div>
            </div>
          </div>
        </div>
      </div>
    </div>
  </div>
</div>
`;
