// Jest Snapshot v1, https://goo.gl/fbAQLP

exports[`should match snapshot 1`] = `
<div>
  <div
    class="App"
  >
    <nav
      class="headerBar navbar navbar-expand-md navbar-light bg-light"
    >
      <div
        class="container"
      >
        <span
          class="navbar-brand"
          role="presentation"
        >
          Team20
        </span>
        <button
          aria-label="Toggle navigation"
          class="navbar-toggler collapsed"
          type="button"
        >
          <span
            class="navbar-toggler-icon"
          />
        </button>
        <div
          class="navbar-collapse collapse"
        >
          <div
            class="me-auto navbar-nav"
          />
          <div
            class="hstack gap-2"
          >
            <span
              class="navbar-text"
            />
          </div>
        </div>
      </div>
    </nav>
    <div
      class="card"
    >
      <div
        class="card-title h5"
      >
        Analytics
      </div>
      <div
        class="card-body"
      >
        Number of Administrators:
        0
        <br />
        Number of Members:
        0
        <br />
        Number of Posts:
        0
        <br />
        Number of Posts Flagged:
        0
        <br />
        Number of Hidden Posts:
        0
      </div>
    </div>
  </div>
</div>
`;
