// Jest Snapshot v1, https://goo.gl/fbAQLP

exports[`should match snapshot 1`] = `
<div>
  <div
    class="App"
  >
    <nav
      class="headerBar navbar navbar-expand-md navbar-light bg-light"
    >
      <div
        class="container"
      >
        <span
          class="navbar-brand"
          role="presentation"
        >
          Team20
        </span>
        <button
          aria-label="Toggle navigation"
          class="navbar-toggler collapsed"
          type="button"
        >
          <span
            class="navbar-toggler-icon"
          />
        </button>
        <div
          class="navbar-collapse collapse"
        >
          <div
            class="me-auto navbar-nav"
          />
          <div
            class="hstack gap-2"
          >
            <span
              class="navbar-text"
            />
          </div>
        </div>
      </div>
    </nav>
    <div
      class="card"
    >
      <div
        class="card-title h5"
      >
        <h2>
          Create a new post
        </h2>
      </div>
      <div
        class="card-body"
      >
        <div
          class="h-100 row"
        >
          <div
            class="my-auto col"
          >
            <form
              class="post-form"
            >
              <label
                for="title"
              >
                Title
                <input
                  class="form-control"
                  cols="300"
                  id="inputHeading"
                  name="title"
                  required=""
                  rows="1"
                />
              </label>
              <br />
              <br />
              <label
                for="body"
              >
                <textarea
                  class="form-control"
                  cols="300"
                  id="inputContent"
                  name="body"
                  required=""
                  rows="10"
                  type="textarea"
                />
              </label>
              <form
                enctype="multipart/form-data"
              >
                <input
                  name="file"
                  type="file"
                />
              </form>
              <br />
              <button
                class="btn btn-secondary"
                type="button"
              >
                Cancel
              </button>
                 
              <button
                class="btn btn-secondary"
                type="button"
              >
                Post
              </button>
            </form>
          </div>
        </div>
      </div>
    </div>
  </div>
</div>
`;
